/media/sf_share/GenAdapt/src/main/java/ec/vector/BitVectorSpecies.java
/media/sf_share/GenAdapt/src/main/java/abc/def/genadapt/SearchRunner.java
/media/sf_share/GenAdapt/src/main/java/ec/breed/InitializationPipeline.java
/media/sf_share/GenAdapt/src/main/java/ec/steadystate/SteadyStateEvaluator.java
/media/sf_share/GenAdapt/src/main/java/ec/de/Best1BinDEBreeder.java
/media/sf_share/GenAdapt/src/main/java/ec/EvolutionState.java
/media/sf_share/GenAdapt/src/main/java/ec/util/ParamClassLoadException.java
/media/sf_share/GenAdapt/src/main/java/ec/vector/GeneVectorSpecies.java
/media/sf_share/GenAdapt/src/main/java/ec/coevolve/GroupedProblemForm.java
/media/sf_share/GenAdapt/src/main/java/ec/vector/FloatVectorIndividual.java
/media/sf_share/GenAdapt/src/main/java/ec/util/LogRestarter.java
/media/sf_share/GenAdapt/src/main/java/ec/gp/ADFContext.java
/media/sf_share/GenAdapt/src/main/java/ec/gp/GPSpecies.java
/media/sf_share/GenAdapt/src/main/java/ec/vector/IntegerVectorIndividual.java
/media/sf_share/GenAdapt/src/main/java/ec/neat/NEATInitializer.java
/media/sf_share/GenAdapt/src/main/java/ec/gp/ge/GrammarFunctionNode.java
/media/sf_share/GenAdapt/src/main/java/ec/gp/GPBreedingPipeline.java
/media/sf_share/GenAdapt/src/main/java/ec/gp/build/PTC1.java
/media/sf_share/GenAdapt/src/main/java/ec/Singleton.java
/media/sf_share/GenAdapt/src/main/java/ec/vector/breed/GeneDuplicationPipeline.java
/media/sf_share/GenAdapt/src/main/java/ec/vector/GeneVectorIndividual.java
/media/sf_share/GenAdapt/src/main/java/ec/util/ReflectedObject.java
/media/sf_share/GenAdapt/src/main/java/ec/rule/breed/RuleMutationPipeline.java
/media/sf_share/GenAdapt/src/main/java/ec/spatial/SpatialDefaults.java
/media/sf_share/GenAdapt/src/main/java/ec/rule/breed/RuleCrossoverPipeline.java
/media/sf_share/GenAdapt/src/main/java/ec/simple/SimpleBreeder.java
/media/sf_share/GenAdapt/src/main/java/ec/Fitness.java
/media/sf_share/GenAdapt/src/main/java/ec/Initializer.java
/media/sf_share/GenAdapt/src/main/java/ec/vector/VectorSpecies.java
/media/sf_share/GenAdapt/src/main/java/ec/rule/RuleSetConstraints.java
/media/sf_share/GenAdapt/src/main/java/ec/steadystate/SteadyStateEvolutionState.java
/media/sf_share/GenAdapt/src/main/java/ec/gp/build/PTCFunctionSetForm.java
/media/sf_share/GenAdapt/src/main/java/ec/gp/GPNodeParent.java
/media/sf_share/GenAdapt/src/main/java/ec/Evolve.java
/media/sf_share/GenAdapt/src/main/java/ec/gp/breed/MutateSwapPipeline.java
/media/sf_share/GenAdapt/src/main/java/ec/neat/NEATGene.java
/media/sf_share/GenAdapt/src/main/java/ec/breed/FirstCopyPipeline.java
/media/sf_share/GenAdapt/src/main/java/ec/singlestate/SingleStateEvolutionState.java
/media/sf_share/GenAdapt/src/main/java/ec/multiobjective/MultiObjectiveDefaults.java
/media/sf_share/GenAdapt/src/main/java/ec/Problem.java
/media/sf_share/GenAdapt/src/main/java/ec/gp/build/RandomBranch.java
/media/sf_share/GenAdapt/src/main/java/ec/steadystate/SteadyStateStatisticsForm.java
/media/sf_share/GenAdapt/src/main/java/ec/util/QuickSort.java
/media/sf_share/GenAdapt/src/main/java/ec/gp/ge/GrammarRuleNode.java
/media/sf_share/GenAdapt/src/main/java/ec/DefaultsForm.java
/media/sf_share/GenAdapt/src/main/java/ec/es/ESDefaults.java
/media/sf_share/GenAdapt/src/main/java/ec/gp/GPAtomicType.java
/media/sf_share/GenAdapt/src/main/java/ec/multiobjective/MultiObjectiveStatistics.java
/media/sf_share/GenAdapt/src/main/java/abc/def/genadapt/MyERC.java
/media/sf_share/GenAdapt/src/main/java/ec/gp/ADF.java
/media/sf_share/GenAdapt/src/main/java/ec/util/RandomChoice.java
/media/sf_share/GenAdapt/src/main/java/ec/gp/breed/InternalCrossoverPipeline.java
/media/sf_share/GenAdapt/src/main/java/ec/rule/RuleSet.java
/media/sf_share/GenAdapt/src/main/java/ec/gp/GPNodeBuilder.java
/media/sf_share/GenAdapt/src/main/java/ec/gp/ge/breed/GECrossoverPipeline.java
/media/sf_share/GenAdapt/src/main/java/ec/rule/RuleIndividual.java
/media/sf_share/GenAdapt/src/main/java/ec/vector/breed/ListCrossoverPipeline.java
/media/sf_share/GenAdapt/src/main/java/ec/util/MersenneTwister.java
/media/sf_share/GenAdapt/src/main/java/ec/util/ParameterDatabase.java
/media/sf_share/GenAdapt/src/main/java/ec/breed/GenerationSwitchPipeline.java
/media/sf_share/GenAdapt/src/main/java/ec/eval/SlaveConnection.java
/media/sf_share/GenAdapt/src/main/java/ec/Evaluator.java
/media/sf_share/GenAdapt/src/main/java/abc/def/genadapt/TestClass.java
/media/sf_share/GenAdapt/src/main/java/ec/steadystate/SteadyStateBreeder.java
/media/sf_share/GenAdapt/src/main/java/ec/util/Misc.java
/media/sf_share/GenAdapt/src/main/java/ec/steadystate/SteadyStateDefaults.java
/media/sf_share/GenAdapt/src/main/java/abc/def/genadapt/DoubleData.java
/media/sf_share/GenAdapt/src/main/java/ec/gp/ge/GEIndividual.java
/media/sf_share/GenAdapt/src/main/java/ec/gp/ge/breed/GETruncationPipeline.java
/media/sf_share/GenAdapt/src/main/java/ec/multiobjective/nsga3/NSGA3Breeder.java
/media/sf_share/GenAdapt/src/main/java/ec/neat/NEATInnovation.java
/media/sf_share/GenAdapt/src/main/java/ec/gp/koza/HalfBuilder.java
/media/sf_share/GenAdapt/src/main/java/ec/simple/SimpleFinisher.java
/media/sf_share/GenAdapt/src/main/java/ec/gp/GPNode.java
/media/sf_share/GenAdapt/src/main/java/ec/multiobjective/nsga2/NSGA2Breeder.java
/media/sf_share/GenAdapt/src/main/java/abc/def/genadapt/OsgiPropertyConstants.java
/media/sf_share/GenAdapt/src/main/java/ec/Species.java
/media/sf_share/GenAdapt/src/main/java/ec/gp/GPNodeSelector.java
/media/sf_share/GenAdapt/src/main/java/ec/gp/ADM.java
/media/sf_share/GenAdapt/src/main/java/ec/gp/ERC.java
/media/sf_share/GenAdapt/src/main/java/ec/breed/BreedDefaults.java
/media/sf_share/GenAdapt/src/main/java/ec/eval/SlaveMonitor.java
/media/sf_share/GenAdapt/src/main/java/ec/parsimony/BucketTournamentSelection.java
/media/sf_share/GenAdapt/src/main/java/ec/vector/breed/MultipleVectorCrossoverPipeline.java
/media/sf_share/GenAdapt/src/main/java/ec/parsimony/ProportionalTournamentSelection.java
/media/sf_share/GenAdapt/src/main/java/ec/select/RandomSelection.java
/media/sf_share/GenAdapt/src/main/java/ec/util/Version.java
/media/sf_share/GenAdapt/src/main/java/ec/util/LocalHost.java
/media/sf_share/GenAdapt/src/main/java/ec/select/TopSelection.java
/media/sf_share/GenAdapt/src/main/java/ec/coevolve/CompetitiveEvaluator.java
/media/sf_share/GenAdapt/src/main/java/ec/select/AnnealedSelection.java
/media/sf_share/GenAdapt/src/main/java/ec/rule/RuleConstraints.java
/media/sf_share/GenAdapt/src/main/java/ec/simple/SimpleEvolutionState.java
/media/sf_share/GenAdapt/src/main/java/ec/neat/NEATIndividual.java
/media/sf_share/GenAdapt/src/main/java/ec/neat/NEATDefaults.java
/media/sf_share/GenAdapt/src/main/java/ec/util/DataPipe.java
/media/sf_share/GenAdapt/src/main/java/ec/select/FitProportionateSelection.java
/media/sf_share/GenAdapt/src/main/java/ec/gp/koza/KozaShortStatistics.java
/media/sf_share/GenAdapt/src/main/java/ec/exchange/InterPopulationExchange.java
/media/sf_share/GenAdapt/src/main/java/ec/eval/MetaProblem.java
/media/sf_share/GenAdapt/src/main/java/ec/multiobjective/spea2/SPEA2MultiObjectiveFitness.java
/media/sf_share/GenAdapt/src/main/java/ec/de/DEBreeder.java
/media/sf_share/GenAdapt/src/main/java/ec/eval/Slave.java
/media/sf_share/GenAdapt/src/main/java/ec/rule/RuleDefaults.java
/media/sf_share/GenAdapt/src/main/java/ec/util/RandomChoiceChooserD.java
/media/sf_share/GenAdapt/src/main/java/ec/gp/GPTree.java
/media/sf_share/GenAdapt/src/main/java/ec/es/MuCommaLambdaBreeder.java
/media/sf_share/GenAdapt/src/main/java/abc/def/genadapt/Y.java
/media/sf_share/GenAdapt/src/main/java/ec/neat/NEATSpecies.java
/media/sf_share/GenAdapt/src/main/java/ec/gp/ge/GrammarParser.java
/media/sf_share/GenAdapt/src/main/java/ec/neat/NEATNetwork.java
/media/sf_share/GenAdapt/src/main/java/ec/de/Rand1EitherOrDEBreeder.java
/media/sf_share/GenAdapt/src/main/java/ec/ECDefaults.java
/media/sf_share/GenAdapt/src/main/java/ec/multiobjective/nsga3/SelectorTools.java
/media/sf_share/GenAdapt/src/main/java/ec/vector/DoubleVectorIndividual.java
/media/sf_share/GenAdapt/src/main/java/abc/def/genadapt/package-info.java
/media/sf_share/GenAdapt/src/main/java/ec/gp/koza/CrossoverPipeline.java
/media/sf_share/GenAdapt/src/main/java/ec/select/BestSelection.java
/media/sf_share/GenAdapt/src/main/java/ec/multiobjective/spea2/SPEA2Breeder.java
/media/sf_share/GenAdapt/src/main/java/ec/util/Log.java
/media/sf_share/GenAdapt/src/main/java/ec/vector/VectorIndividual.java
/media/sf_share/GenAdapt/src/main/java/abc/def/genadapt/MacAddressCompleter.java
/media/sf_share/GenAdapt/src/main/java/ec/util/RandomChoiceChooser.java
/media/sf_share/GenAdapt/src/main/java/ec/parsimony/TarpeianStatistics.java
/media/sf_share/GenAdapt/src/main/java/ec/gp/build/RandTree.java
/media/sf_share/GenAdapt/src/main/java/ec/spatial/SpatialBreeder.java
/media/sf_share/GenAdapt/src/main/java/ec/util/OutputException.java
/media/sf_share/GenAdapt/src/main/java/abc/def/genadapt/Mul.java
/media/sf_share/GenAdapt/src/main/java/ec/neat/NEATSubspecies.java
/media/sf_share/GenAdapt/src/main/java/ec/vector/VectorDefaults.java
/media/sf_share/GenAdapt/src/main/java/ec/vector/ByteVectorIndividual.java
/media/sf_share/GenAdapt/src/main/java/ec/simple/SimpleProblemForm.java
/media/sf_share/GenAdapt/src/main/java/ec/rule/Rule.java
/media/sf_share/GenAdapt/src/main/java/ec/util/Lexer.java
/media/sf_share/GenAdapt/src/main/java/ec/simple/SimpleStatistics.java
/media/sf_share/GenAdapt/src/main/java/ec/select/FirstSelection.java
/media/sf_share/GenAdapt/src/main/java/ec/simple/SimpleShortStatistics.java
/media/sf_share/GenAdapt/src/main/java/ec/de/DEEvaluator.java
/media/sf_share/GenAdapt/src/main/java/ec/select/SUSSelection.java
/media/sf_share/GenAdapt/src/main/java/ec/simple/SimpleDefaults.java
/media/sf_share/GenAdapt/src/main/java/ec/gp/build/PTC2.java
/media/sf_share/GenAdapt/src/main/java/ec/breed/MultiBreedingPipeline.java
/media/sf_share/GenAdapt/src/main/java/ec/select/BoltzmannSelection.java
/media/sf_share/GenAdapt/src/main/java/ec/gp/GPSetType.java
/media/sf_share/GenAdapt/src/main/java/ec/select/TournamentSelection.java
/media/sf_share/GenAdapt/src/main/java/abc/def/genadapt/CongestionProblem.java
/media/sf_share/GenAdapt/src/main/java/ec/parsimony/DoubleTournamentSelection.java
/media/sf_share/GenAdapt/src/main/java/ec/breed/ForceBreedingPipeline.java
/media/sf_share/GenAdapt/src/main/java/ec/vector/BitVectorIndividual.java
/media/sf_share/GenAdapt/src/main/java/abc/def/genadapt/Z.java
/media/sf_share/GenAdapt/src/main/java/ec/gp/koza/KozaNodeSelector.java
/media/sf_share/GenAdapt/src/main/java/ec/singlestate/SingleStateBreeder.java
/media/sf_share/GenAdapt/src/main/java/ec/gp/koza/GrowBuilder.java
/media/sf_share/GenAdapt/src/main/java/ec/coevolve/MultiPopCoevolutionaryEvaluator.java
/media/sf_share/GenAdapt/src/main/java/ec/multiobjective/nsga3/ReferencePoint.java
/media/sf_share/GenAdapt/src/main/java/ec/select/GreedyOverselection.java
/media/sf_share/GenAdapt/src/main/java/ec/util/ParameterDatabaseEvent.java
/media/sf_share/GenAdapt/src/main/java/abc/def/genadapt/DataCollectionTask.java
/media/sf_share/GenAdapt/src/main/java/ec/pso/Particle.java
/media/sf_share/GenAdapt/src/main/java/ec/util/Parameter.java
/media/sf_share/GenAdapt/src/main/java/ec/gp/GPType.java
/media/sf_share/GenAdapt/src/main/java/ec/util/DoubleBag.java
/media/sf_share/GenAdapt/src/main/java/ec/multiobjective/MultiObjectiveFitness.java
/media/sf_share/GenAdapt/src/main/java/ec/BreedingSource.java
/media/sf_share/GenAdapt/src/main/java/ec/simple/SimpleEvaluator.java
/media/sf_share/GenAdapt/src/main/java/ec/util/BadParameterException.java
/media/sf_share/GenAdapt/src/main/java/ec/evolve/RandomRestarts.java
/media/sf_share/GenAdapt/src/main/java/ec/vector/LongVectorIndividual.java
/media/sf_share/GenAdapt/src/main/java/abc/def/genadapt/Div.java
/media/sf_share/GenAdapt/src/main/java/ec/gp/breed/MutateERCPipeline.java
/media/sf_share/GenAdapt/src/main/java/ec/gp/GPDefaults.java
/media/sf_share/GenAdapt/src/main/java/ec/eval/MasterProblem.java
/media/sf_share/GenAdapt/src/main/java/abc/def/genadapt/TempLinkWeight.java
/media/sf_share/GenAdapt/src/main/java/ec/neat/NEATNode.java
/media/sf_share/GenAdapt/src/main/java/ec/select/MultiSelection.java
/media/sf_share/GenAdapt/src/main/java/ec/gp/ge/GEDefaults.java
/media/sf_share/GenAdapt/src/main/java/ec/steadystate/SteadyStateBSourceForm.java
/media/sf_share/GenAdapt/src/main/java/ec/util/IntBag.java
/media/sf_share/GenAdapt/src/main/java/ec/util/SortComparatorL.java
/media/sf_share/GenAdapt/src/main/java/ec/gp/breed/GPBreedDefaults.java
/media/sf_share/GenAdapt/src/main/java/ec/parsimony/RatioBucketTournamentSelection.java
/media/sf_share/GenAdapt/src/main/java/ec/util/ParameterDatabaseTreeNode.java
/media/sf_share/GenAdapt/src/main/java/ec/gp/ADFArgument.java
/media/sf_share/GenAdapt/src/main/java/abc/def/genadapt/ReactiveForwardingCommand.java
/media/sf_share/GenAdapt/src/main/java/ec/util/ParameterDatabaseTreeModel.java
/media/sf_share/GenAdapt/src/main/java/ec/pso/PSOBreeder.java
/media/sf_share/GenAdapt/src/main/java/ec/gp/GPInitializer.java
/media/sf_share/GenAdapt/src/main/java/ec/gp/build/PTCFunctionSet.java
/media/sf_share/GenAdapt/src/main/java/ec/util/Checkpoint.java
/media/sf_share/GenAdapt/src/main/java/ec/gp/breed/MutateDemotePipeline.java
/media/sf_share/GenAdapt/src/main/java/ec/util/DecodeReturn.java
/media/sf_share/GenAdapt/src/main/java/ec/eval/Job.java
/media/sf_share/GenAdapt/src/main/java/ec/steadystate/SteadyStateExchangerForm.java
/media/sf_share/GenAdapt/src/main/java/ec/gp/ge/GrammarNode.java
/media/sf_share/GenAdapt/src/main/java/ec/select/SelectDefaults.java
/media/sf_share/GenAdapt/src/main/java/abc/def/genadapt/MonitorUtil.java
/media/sf_share/GenAdapt/src/main/java/ec/gp/breed/MutatePromotePipeline.java
/media/sf_share/GenAdapt/src/main/java/ec/simple/SimpleFitness.java
/media/sf_share/GenAdapt/src/main/java/ec/breed/CheckingPipeline.java
/media/sf_share/GenAdapt/src/main/java/ec/Setup.java
/media/sf_share/GenAdapt/src/main/java/ec/es/MuPlusLambdaBreeder.java
/media/sf_share/GenAdapt/src/main/java/ec/gp/koza/GPKozaDefaults.java
/media/sf_share/GenAdapt/src/main/java/ec/Exchanger.java
/media/sf_share/GenAdapt/src/main/java/ec/vector/Gene.java
/media/sf_share/GenAdapt/src/main/java/ec/vector/breed/VectorCrossoverPipeline.java
/media/sf_share/GenAdapt/src/main/java/ec/gp/build/Uniform.java
/media/sf_share/GenAdapt/src/main/java/ec/gp/ge/GEProblem.java
/media/sf_share/GenAdapt/src/main/java/ec/gp/breed/MutateOneNodePipeline.java
/media/sf_share/GenAdapt/src/main/java/ec/gp/koza/KozaFitness.java
/media/sf_share/GenAdapt/src/main/java/ec/neat/NEATBreeder.java
/media/sf_share/GenAdapt/src/main/java/ec/SelectionMethod.java
/media/sf_share/GenAdapt/src/main/java/ec/simple/SimpleExchanger.java
/media/sf_share/GenAdapt/src/main/java/abc/def/genadapt/DynamicAdaptiveControlTask.java
/media/sf_share/GenAdapt/src/main/java/ec/Statistics.java
/media/sf_share/GenAdapt/src/main/java/abc/def/genadapt/ReactiveForwarding.java
/media/sf_share/GenAdapt/src/main/java/ec/Individual.java
/media/sf_share/GenAdapt/src/main/java/ec/gp/build/GPBuildDefaults.java
/media/sf_share/GenAdapt/src/main/java/ec/gp/GPNodeConstraints.java
/media/sf_share/GenAdapt/src/main/java/abc/def/genadapt/Config.java
/media/sf_share/GenAdapt/src/main/java/ec/Subpopulation.java
/media/sf_share/GenAdapt/src/main/java/abc/def/genadapt/ReactiveForwardMetrics.java
/media/sf_share/GenAdapt/src/main/java/ec/Population.java
/media/sf_share/GenAdapt/src/main/java/ec/breed/ReproductionPipeline.java
/media/sf_share/GenAdapt/src/main/java/abc/def/genadapt/Add.java
/media/sf_share/GenAdapt/src/main/java/abc/def/genadapt/Sub.java
/media/sf_share/GenAdapt/src/main/java/ec/vector/IntegerVectorSpecies.java
/media/sf_share/GenAdapt/src/main/java/ec/rule/RuleSpecies.java
/media/sf_share/GenAdapt/src/main/java/ec/gp/koza/KozaBuilder.java
/media/sf_share/GenAdapt/src/main/java/abc/def/genadapt/Fitness.java
/media/sf_share/GenAdapt/src/main/java/ec/exchange/IslandExchange.java
/media/sf_share/GenAdapt/src/main/java/ec/vector/FloatVectorSpecies.java
/media/sf_share/GenAdapt/src/main/java/ec/steadystate/QueueIndividual.java
/media/sf_share/GenAdapt/src/main/java/abc/def/genadapt/SrcDstPair.java
/media/sf_share/GenAdapt/src/main/java/ec/util/Indexed.java
/media/sf_share/GenAdapt/src/main/java/ec/multiobjective/nsga3/NSGA3MultiObjectiveFitness.java
/media/sf_share/GenAdapt/src/main/java/ec/spatial/SpatialMultiPopCoevolutionaryEvaluator.java
/media/sf_share/GenAdapt/src/main/java/ec/Prototype.java
/media/sf_share/GenAdapt/src/main/java/ec/gp/GPData.java
/media/sf_share/GenAdapt/src/main/java/ec/gp/ge/GESpecies.java
/media/sf_share/GenAdapt/src/main/java/abc/def/genadapt/X.java
/media/sf_share/GenAdapt/src/main/java/ec/gp/GPIndividual.java
/media/sf_share/GenAdapt/src/main/java/abc/def/genadapt/evaluator.java
/media/sf_share/GenAdapt/src/main/java/ec/breed/BufferedBreedingPipeline.java
/media/sf_share/GenAdapt/src/main/java/ec/spatial/Space.java
/media/sf_share/GenAdapt/src/main/java/ec/Breeder.java
/media/sf_share/GenAdapt/src/main/java/ec/simple/SimpleInitializer.java
/media/sf_share/GenAdapt/src/main/java/ec/gp/GPProblem.java
/media/sf_share/GenAdapt/src/main/java/ec/gp/ADFStack.java
/media/sf_share/GenAdapt/src/main/java/ec/multiobjective/nsga2/NSGA2MultiObjectiveFitness.java
/media/sf_share/GenAdapt/src/main/java/ec/spatial/SpatialTournamentSelection.java
/media/sf_share/GenAdapt/src/main/java/ec/gp/GPTreeConstraints.java
/media/sf_share/GenAdapt/src/main/java/ec/parsimony/LexicographicTournamentSelection.java
/media/sf_share/GenAdapt/src/main/java/ec/vector/breed/VectorMutationPipeline.java
/media/sf_share/GenAdapt/src/main/java/ec/gp/koza/FullBuilder.java
/media/sf_share/GenAdapt/src/main/java/ec/util/ThreadPool.java
/media/sf_share/GenAdapt/src/main/java/ec/vector/ShortVectorIndividual.java
/media/sf_share/GenAdapt/src/main/java/ec/gp/breed/SizeFairCrossoverPipeline.java
/media/sf_share/GenAdapt/src/main/java/ec/breed/UniquePipeline.java
/media/sf_share/GenAdapt/src/main/java/ec/breed/RepeatPipeline.java
/media/sf_share/GenAdapt/src/main/java/ec/util/SortComparator.java
/media/sf_share/GenAdapt/src/main/java/ec/Clique.java
/media/sf_share/GenAdapt/src/main/java/ec/gp/GPFunctionSet.java
/media/sf_share/GenAdapt/src/main/java/ec/select/SigmaScalingSelection.java
/media/sf_share/GenAdapt/src/main/java/ec/util/MersenneTwisterFast.java
/media/sf_share/GenAdapt/src/main/java/ec/spatial/Spatial1DSubpopulation.java
/media/sf_share/GenAdapt/src/main/java/ec/breed/StubPipeline.java
/media/sf_share/GenAdapt/src/main/java/ec/gp/koza/MutationPipeline.java
/media/sf_share/GenAdapt/src/main/java/ec/multiobjective/HypervolumeStatistics.java
/media/sf_share/GenAdapt/src/main/java/ec/gp/breed/MutateAllNodesPipeline.java
/media/sf_share/GenAdapt/src/main/java/ec/es/ESSelection.java
/media/sf_share/GenAdapt/src/main/java/abc/def/genadapt/DynamicLinkWeight.java
/media/sf_share/GenAdapt/src/main/java/ec/singlestate/SingleStateDefaults.java
/media/sf_share/GenAdapt/src/main/java/ec/gp/GPNodeGatherer.java
/media/sf_share/GenAdapt/src/main/java/ec/BreedingPipeline.java
/media/sf_share/GenAdapt/src/main/java/ec/rule/RuleInitializer.java
/media/sf_share/GenAdapt/src/main/java/ec/gp/breed/RehangPipeline.java
/media/sf_share/GenAdapt/src/main/java/ec/util/Code.java
/media/sf_share/GenAdapt/src/main/java/ec/Finisher.java
/media/sf_share/GenAdapt/src/main/java/ec/util/Output.java
